{
  "Value1": "Foo => Bar // <br />",
  "Value2": 0
}