Lorem ipsum dolor sit amet.
Consectetur adipiscing elit.
Aliquam et arcu at lacus tincidunt tempus.
Aliquam ultricies odio sit amet.
Velit convallis, sit amet maximus nisi rhoncus.
Phasellus eu quam gravida.
Euismod arcu non, posuere metus.
Maecenas sed nisi sed magna consectetur bibendum.
Sed non lectus ornare. iaculis magna et, laoreet ipsum.
Aenean imperdiet enim et justo iaculis cursus.
Aenean dictum urna sed egestas ultrices.
Duis lobortis massa quis enim suscipit pellentesque porta sodales mi.
Fusce eget mi eget ex consequat sagittis.
Sed lobortis ligula nec rhoncus luctus.
Curabitur vel nunc vel dolor feugiat lacinia id vitae erat.
Duis pulvinar metus at lacus consequat posuere.
Nullam non libero sit amet tortor imperdiet hendrerit.
Curabitur id nisi feugiat, scelerisque leo vitae, euismod metus.
Sed ornare massa sit amet nulla pharetra, a commodo turpis maximus.
Aenean et orci in mi scelerisque tristique non in quam.
